../Core/Src/main.c:193:5:main	8	static
../Core/Src/main.c:239:6:SystemClock_Config	88	static
../Core/Src/main.c:285:13:MX_TIM2_Init	56	static
../Core/Src/main.c:322:13:MX_TIM3_Init	32	static
../Core/Src/main.c:357:13:MX_GPIO_Init	40	static
../Core/Src/main.c:399:6:HAL_GPIO_EXTI_Callback	16	static
../Core/Src/main.c:415:6:HAL_TIM_PeriodElapsedCallback	24	static
../Core/Src/main.c:440:6:update_timer_for_fps	16	static
../Core/Src/main.c:457:6:clear_display	8	static
../Core/Src/main.c:467:6:set_segments	24	static
../Core/Src/main.c:483:6:set_active_digit	16	static
../Core/Src/main.c:498:6:Error_Handler	4	static,ignoring_inline_asm
